Analyzing app-1...                                              

warning - Unused import: '../../core/theme.dart' - lib\features\admin\admin_dashboard_screen.dart:6:8 - unused_import
warning - Unused import: '../../core/utils/animations.dart' - lib\features\admin\admin_dashboard_screen.dart:7:8 - unused_import
warning - Unused import: '../../providers/message_provider.dart' - lib\features\admin\admin_dashboard_screen.dart:12:8 - unused_import
  error - Expected to find ';' - lib\features\admin\admin_dashboard_screen.dart:14:8 - expected_token
  error - Target of URI doesn't exist: '../../widgets/custom_icon_widget.' - lib\features\admin\admin_dashboard_screen.dart:14:8 - uri_does_not_exist
  error - Unterminated string literal - lib\features\admin\admin_dashboard_screen.dart:14:41 - unterminated_string_literal
warning - Unused import: '../../models/message_model.dart' - lib\features\admin\admin_dashboard_screen.dart:20:8 - unused_import
warning - Unused import: '../../models/user_model.dart' - lib\features\admin\admin_dashboard_screen.dart:21:8 - unused_import
  error - The method 'CustomIconWidget' isn't defined for the type '_StatCard' - lib\features\admin\admin_dashboard_screen.dart:369:20 - undefined_method
  error - The method 'CustomIconWidget' isn't defined for the type '_QuickActionCard' - lib\features\admin\admin_dashboard_screen.dart:422:22 - undefined_method
warning - The declaration '_ActivityItem' isn't referenced - lib\features\admin\admin_dashboard_screen.dart:437:7 - unused_element
  error - The method 'CustomIconWidget' isn't defined for the type '_ActivityItem' - lib\features\admin\admin_dashboard_screen.dart:458:11 - undefined_method
warning - Unused import: '../../../../models/user_model.dart' - lib\features\admin\screens\admin_bookings_screen.dart:9:8 - unused_import
warning - Unused import: '../../../../routing/app_router.dart' - lib\features\admin\screens\admin_messages_screen.dart:9:8 - unused_import
warning - Unused import: '../../../../widgets/custom_icon_widget.dart' - lib\features\admin\screens\admin_messages_screen.dart:10:8 - unused_import
warning - Unused import: '../../../../models/user_model.dart' - lib\features\admin\screens\manage_employees_screen.dart:6:8 - unused_import
warning - Unused import: '../../../../widgets/custom_icon_widget.dart' - lib\features\admin\screens\manage_employees_screen.dart:7:8 - unused_import
  error - Target of URI doesn't exist: 'dart:typed_bytes' - lib\features\admin\screens\manage_services_screen.dart:1:8 - uri_does_not_exist
  error - Undefined class 'Uint8List' - lib\features\admin\screens\manage_services_screen.dart:24:3 - undefined_class
  error - Expected an identifier - lib\features\admin\screens\manage_services_screen.dart:171:127 - missing_identifier
   info - 'value' is deprecated and shouldn't be used. Use initialValue instead. This will set the initial value for the form field. This feature was deprecated after v3.33.0-1.0.pre - lib\features\admin\screens\manage_services_screen.dart:175:25 - deprecated_member_use
  error - The named parameter 'semanticLabel' is required, but there's no corresponding argument - lib\features\admin\screens\manage_services_screen.dart:263:32 - missing_required_argument
warning - Unused import: '../../core/theme.dart' - lib\features\auth\onboarding_screen.dart:6:8 - unused_import
   info - 'withOpacity' is deprecated and shouldn't be used. Use .withValues() to avoid precision loss - lib\features\auth\onboarding_screen.dart:79:45 - deprecated_member_use
   info - 'withOpacity' is deprecated and shouldn't be used. Use .withValues() to avoid precision loss - lib\features\auth\onboarding_screen.dart:99:67 - deprecated_member_use
  error - The getter 'backOut' isn't defined for the type 'Curves' - lib\features\auth\onboarding_screen.dart:108:69 - undefined_getter
   info - 'withOpacity' is deprecated and shouldn't be used. Use .withValues() to avoid precision loss - lib\features\auth\onboarding_screen.dart:154:66 - deprecated_member_use
   info - 'withOpacity' is deprecated and shouldn't be used. Use .withValues() to avoid precision loss - lib\features\auth\onboarding_screen.dart:166:98 - deprecated_member_use
   info - 'withOpacity' is deprecated and shouldn't be used. Use .withValues() to avoid precision loss - lib\features\auth\onboarding_screen.dart:194:84 - deprecated_member_use
warning - Unused import: 'package:promarket/core/theme.dart' - lib\features\auth\screens\login_screen.dart:8:8 - unused_import
warning - Unused import: 'package:promarket/core/app_colors.dart' - lib\features\auth\screens\login_screen.dart:9:8 - unused_import
warning - Unused import: 'package:promarket/widgets/custom_icon_widget.dart' - lib\features\auth\screens\login_screen.dart:10:8 - unused_import
   info - Don't use 'BuildContext's across async gaps, guarded by an unrelated 'mounted' check - lib\features\auth\screens\login_screen.dart:65:30 - use_build_context_synchronously
   info - Don't use 'BuildContext's across async gaps, guarded by an unrelated 'mounted' check - lib\features\auth\screens\login_screen.dart:73:39 - use_build_context_synchronously
   info - Don't use 'BuildContext's across async gaps, guarded by an unrelated 'mounted' check - lib\features\auth\screens\login_screen.dart:76:41 - use_build_context_synchronously
warning - The value of the local variable 'size' isn't used - lib\features\auth\screens\login_screen.dart:105:11 - unused_local_variable
  error - The getter 'backOut' isn't defined for the type 'Curves' - lib\features\auth\screens\login_screen.dart:152:69 - undefined_getter
  error - The named parameter 'height' isn't defined - lib\features\auth\screens\login_screen.dart:250:23 - undefined_named_parameter
warning - Unused import: 'package:sizer/sizer.dart' - lib\features\auth\screens\signup_screen.dart:9:8 - unused_import
   info - 'withOpacity' is deprecated and shouldn't be used. Use .withValues() to avoid precision loss - lib\features\auth\screens\signup_screen.dart:159:50 - deprecated_member_use
   info - 'withOpacity' is deprecated and shouldn't be used. Use .withValues() to avoid precision loss - lib\features\auth\screens\signup_screen.dart:197:83 - deprecated_member_use
   info - 'withOpacity' is deprecated and shouldn't be used. Use .withValues() to avoid precision loss - lib\features\auth\screens\signup_screen.dart:203:102 - deprecated_member_use
  error - The getter 'backOut' isn't defined for the type 'Curves' - lib\features\auth\screens\signup_screen.dart:218:66 - undefined_getter
warning - Unused import: 'package:promarket/routing/app_router.dart' - lib\features\bookings\screens\booking_success_screen.dart:3:8 - unused_import
warning - Unused import: 'package:promarket/core/utils/animations.dart' - lib\features\bookings\screens\booking_success_screen.dart:4:8 - unused_import
warning - Unused import: '../../../../core/theme.dart' - lib\features\chat\screens\chat_screen.dart:9:8 - unused_import
  error - The getter 'userData' isn't defined for the type 'AuthProvider' - lib\features\chat\screens\chat_screen.dart:62:32 - undefined_getter
  error - The getter 'userData' isn't defined for the type 'AuthProvider' - lib\features\chat\screens\chat_screen.dart:63:36 - undefined_getter
  error - The named parameter 'semanticLabel' is required, but there's no corresponding argument - lib\features\client\booking_form_screen.dart:143:79 - missing_required_argument
warning - The '!' will have no effect because the receiver can't be null - lib\features\client\client_bookings_screen.dart:203:91 - unnecessary_non_null_assertion
warning - Unused import: '../../core/theme.dart' - lib\features\client\client_dashboard_screen.dart:5:8 - unused_import
warning - Unused import: '../../core/utils/animations.dart' - lib\features\client\client_dashboard_screen.dart:6:8 - unused_import
warning - Unused import: '../../widgets/custom_icon_widget.dart' - lib\features\client\client_dashboard_screen.dart:12:8 - unused_import
warning - Unused import: 'booking_form_screen.dart' - lib\features\client\client_dashboard_screen.dart:17:8 - unused_import
warning - The value of the local variable 'theme' isn't used - lib\features\client\client_dashboard_screen.dart:186:11 - unused_local_variable
  error - The named parameter 'semanticLabel' is required, but there's no corresponding argument - lib\features\client\client_dashboard_screen.dart:308:28 - missing_required_argument
warning - The value of the local variable 'unreadCount' isn't used - lib\features\client\client_dashboard_screen.dart:446:25 - unused_local_variable
  error - The named parameter 'semanticLabel' is required, but there's no corresponding argument - lib\features\client\service_browse_screen.dart:171:24 - missing_required_argument
  error - The named parameter 'semanticLabel' is required, but there's no corresponding argument - lib\features\client\service_details_screen.dart:25:24 - missing_required_argument
warning - Unused import: '../../core/theme.dart' - lib\features\employee\employee_dashboard_screen.dart:5:8 - unused_import
warning - The value of the local variable 'authProvider' isn't used - lib\features\employee\employee_dashboard_screen.dart:616:11 - unused_local_variable
  error - The named parameter 'subtitle' isn't defined - lib\features\employee\employee_dashboard_screen.dart:631:15 - undefined_named_parameter
  error - The named parameter 'onTap' isn't defined - lib\features\employee\employee_dashboard_screen.dart:632:15 - undefined_named_parameter
  error - Too many positional arguments: 0 expected, but 3 found - lib\features\employee\employee_dashboard_screen.dart:635:13 - extra_positional_arguments_could_be_named
  error - Expected to find ')' - lib\features\employee\employee_dashboard_screen.dart:660:11 - expected_token
warning - The declaration '_EmployeeProfileOption' isn't referenced - lib\features\employee\employee_dashboard_screen.dart:694:7 - unused_element
warning - Unused import: '../../../core/app_config.dart' - lib\features\profile\screens\provider_profile_screen.dart:4:8 - unused_import
warning - Duplicate import - lib\models\message_model.dart:4:8 - duplicate_import
   info - Unnecessary braces in a string interpolation - lib\models\product_model.dart:145:44 - unnecessary_brace_in_string_interps
   info - The private field _employeeBookings could be 'final' - lib\providers\employee_provider.dart:15:35 - prefer_final_fields
warning - The value of the field '_firestoreService' isn't used - lib\providers\marketplace_provider.dart:7:26 - unused_field
   info - The private field _providers could be 'final' - lib\providers\marketplace_provider.dart:12:25 - prefer_final_fields
   info - The private field _typingIndicators could be 'final' - lib\providers\message_provider.dart:18:21 - prefer_final_fields
warning - The value of the local variable 'message' isn't used - lib\providers\message_provider.dart:413:17 - unused_local_variable
   info - 'updateEmail' is deprecated and shouldn't be used. updateEmail() has been deprecated. Please use verifyBeforeUpdateEmail() instead - lib\services\auth_service.dart:292:18 - deprecated_member_use
warning - Unused import: '../core/constants.dart' - lib\services\booking_service.dart:4:8 - unused_import
   info - Unnecessary braces in a string interpolation - lib\utils\image_helpers.dart:391:19 - unnecessary_brace_in_string_interps
warning - Unused import: '../core/app_colors.dart' - lib\widgets\custom_bottom_bar.dart:3:8 - unused_import

